[1m[31m[31mX [41;31m[[41;97mERROR[41;31m][0m [1mTS2345: Argument of type '{ age: number; heightCm: number; weightKg: number; goal: "LOSE_WEIGHT" | "MAINTAIN_WEIGHT" | "GAIN_MASS"; }' is not assignable to parameter of type 'UpdateUserProfileRequest'.
  Type '{ age: number; heightCm: number; weightKg: number; goal: "LOSE_WEIGHT" | "MAINTAIN_WEIGHT" | "GAIN_MASS"; }' is missing the following properties from type 'UpdateUserProfileRequest': gender, activityLevel[0m [1m[35m[plugin angular-compiler][0m

    src/app/pages/profile-page/profile-page.component.ts:72:32:
[37m      72 │       .updateCurrentUserProfile([32mthis.form.getRawValue()[37m)
         ╵                                 [32m~~~~~~~~~~~~~~~~~~~~~~~[0m

[39m[22m
[1m[31mComponent update failed: NG02100: InvalidPipeArgument: 'NG02309: — is not a number' for pipe '_DecimalPipe'
Error: NG02100: InvalidPipeArgument: 'NG02309: — is not a number' for pipe '_DecimalPipe'
    at invalidPipeArgumentError (http://localhost:4200/@fs/D:/Posam/FinalProject/repo/nutrition-planner-application-frontend/.angular/cache/21.2.7/nutrition-planner-application-frontend/vite/deps/chunk-LAHHEQBJ.js?v=3576b30b:2592:10)
    at _DecimalPipe.transform (http://localhost:4200/@fs/D:/Posam/FinalProject/repo/nutrition-planner-application-frontend/.angular/cache/21.2.7/nutrition-planner-application-frontend/vite/deps/chunk-LAHHEQBJ.js?v=3576b30b:3019:13)
    at pureFunction2Internal (http://localhost:4200/@fs/D:/Posam/FinalProject/repo/nutrition-planner-application-frontend/.angular/cache/21.2.7/nutrition-planner-application-frontend/vite/deps/chunk-BFMHQS5Q.js?v=3576b30b:20138:117)
    at Module.ɵɵpipeBind2 (http://localhost:4200/@fs/D:/Posam/FinalProject/repo/nutrition-planner-application-frontend/.angular/cache/21.2.7/nutrition-planner-application-frontend/vite/deps/chunk-BFMHQS5Q.js?v=3576b30b:20239:41)
    at ProfilePageComponent_Template (http://localhost:4200/@ng/component?c=src%2Fapp%2Fpages%2Fprofile-page%2Fprofile-page.component.ts%40ProfilePageComponent&t=1779536846381:349:47)
    at executeTemplate (http://localhost:4200/@fs/D:/Posam/FinalProject/repo/nutrition-planner-application-frontend/.angular/cache/21.2.7/nutrition-planner-application-frontend/vite/deps/chunk-BFMHQS5Q.js?v=3576b30b:8543:5)
    at refreshView (http://localhost:4200/@fs/D:/Posam/FinalProject/repo/nutrition-planner-application-frontend/.angular/cache/21.2.7/nutrition-planner-application-frontend/vite/deps/chunk-BFMHQS5Q.js?v=3576b30b:9203:7)
    at recreate (http://localhost:4200/@fs/D:/Posam/FinalProject/repo/nutrition-planner-application-frontend/.angular/cache/21.2.7/nutrition-planner-application-frontend/vite/deps/chunk-BFMHQS5Q.js?v=3576b30b:20368:5)
    at executeWithInvalidateFallback (http://localhost:4200/@fs/D:/Posam/FinalProject/repo/nutrition-planner-application-frontend/.angular/cache/21.2.7/nutrition-planner-application-frontend/vite/deps/chunk-BFMHQS5Q.js?v=3576b30b:20378:5)
    at http://localhost:4200/@fs/D:/Posam/FinalProject/repo/nutrition-planner-application-frontend/.angular/cache/21.2.7/nutrition-planner-application-frontend/vite/deps/chunk-BFMHQS5Q.js?v=3576b30b:20373:20
Please consider reporting the error at https://github.com/angular/angular-cli/issues[39m[22m
[1m[31mComponent update failed: NG02100: InvalidPipeArgument: 'NG02309: — is not a number' for pipe '_DecimalPipe'
Error: NG02100: InvalidPipeArgument: 'NG02309: — is not a number' for pipe '_DecimalPipe'
    at invalidPipeArgumentError (http://localhost:4200/@fs/D:/Posam/FinalProject/repo/nutrition-planner-application-frontend/.angular/cache/21.2.7/nutrition-planner-application-frontend/vite/deps/chunk-LAHHEQBJ.js?v=3576b30b:2592:10)
    at _DecimalPipe.transform (http://localhost:4200/@fs/D:/Posam/FinalProject/repo/nutrition-planner-application-frontend/.angular/cache/21.2.7/nutrition-planner-application-frontend/vite/deps/chunk-LAHHEQBJ.js?v=3576b30b:3019:13)
    at pureFunction2Internal (http://localhost:4200/@fs/D:/Posam/FinalProject/repo/nutrition-planner-application-frontend/.angular/cache/21.2.7/nutrition-planner-application-frontend/vite/deps/chunk-BFMHQS5Q.js?v=3576b30b:20138:117)
    at Module.ɵɵpipeBind2 (http://localhost:4200/@fs/D:/Posam/FinalProject/repo/nutrition-planner-application-frontend/.angular/cache/21.2.7/nutrition-planner-application-frontend/vite/deps/chunk-BFMHQS5Q.js?v=3576b30b:20239:41)
    at ProfilePageComponent_Template (http://localhost:4200/@ng/component?c=src%2Fapp%2Fpages%2Fprofile-page%2Fprofile-page.component.ts%40ProfilePageComponent&t=1779536868097:383:47)
    at executeTemplate (http://localhost:4200/@fs/D:/Posam/FinalProject/repo/nutrition-planner-application-frontend/.angular/cache/21.2.7/nutrition-planner-application-frontend/vite/deps/chunk-BFMHQS5Q.js?v=3576b30b:8543:5)
    at refreshView (http://localhost:4200/@fs/D:/Posam/FinalProject/repo/nutrition-planner-application-frontend/.angular/cache/21.2.7/nutrition-planner-application-frontend/vite/deps/chunk-BFMHQS5Q.js?v=3576b30b:9203:7)
    at recreate (http://localhost:4200/@fs/D:/Posam/FinalProject/repo/nutrition-planner-application-frontend/.angular/cache/21.2.7/nutrition-planner-application-frontend/vite/deps/chunk-BFMHQS5Q.js?v=3576b30b:20368:5)
    at executeWithInvalidateFallback (http://localhost:4200/@fs/D:/Posam/FinalProject/repo/nutrition-planner-application-frontend/.angular/cache/21.2.7/nutrition-planner-application-frontend/vite/deps/chunk-BFMHQS5Q.js?v=3576b30b:20378:5)
    at http://localhost:4200/@fs/D:/Posam/FinalProject/repo/nutrition-planner-application-frontend/.angular/cache/21.2.7/nutrition-planner-application-frontend/vite/deps/chunk-BFMHQS5Q.js?v=3576b30b:20373:20
Please consider reporting the error at https://github.com/angular/angular-cli/issues[39m[22m
